Copyright 1986-2018 Xilinx, Inc. All Rights Reserved.
------------------------------------------------------------------------------------
| Tool Version : Vivado v.2018.3 (win64) Build 2405991 Thu Dec  6 23:38:27 MST 2018
| Date         : Wed Sep 30 19:06:31 2026
| Host         : WIN-76HS90OBB7Q running 64-bit major release  (build 9200)
| Command      : report_ip_status
------------------------------------------------------------------------------------

IP Status Summary

1. Project IP Status
--------------------
Your project uses 69 IP. Some of these IP may have undergone changes in this release of the software. Please review the recommended actions.

More information on the Xilinx versioning policy is available at www.xilinx.com.

Project IP Instances
+-----------------------------------+------------+---------------------+-----------+--------------------+---------+---------------+------------+----------------------+
| Instance Name                     | Status     | Recommendation      | Change    | IP Name            | IP      | New Version   | New        | Original Part        |
|                                   |            |                     | Log       |                    | Version |               | License    |                      |
+-----------------------------------+------------+---------------------+-----------+--------------------+---------+---------------+------------+----------------------+
| xdma_pcie_AXI_data_out_0_0_0      | Up-to-date | No changes required | Change    | AXI_data_out_0_v1_ | 1.0     | 1.0 (Rev. 1)  | Included   | xcku060-ffva1156-2-i |
|                                   |            |                     | Log not   |                    | (Rev.   |               |            |                      |
|                                   |            |                     | available |                    | 1)      |               |            |                      |
+-----------------------------------+------------+---------------------+-----------+--------------------+---------+---------------+------------+----------------------+
| xdma_pcie_axi_smc_0               | Up-to-date | No changes required |  *(1)     | AXI SmartConnect   | 1.0     | 1.0 (Rev. 10) | Included   | xcku060-ffva1156-2-i |
|                                   |            |                     |           |                    | (Rev.   |               |            |                      |
|                                   |            |                     |           |                    | 10)     |               |            |                      |
+-----------------------------------+------------+---------------------+-----------+--------------------+---------+---------------+------------+----------------------+
| xdma_pcie_axis_data_fifo_0_0      | Up-to-date | No changes required |  *(2)     | AXI4-Stream Data   | 2.0     | 2.0           | Included   | xcku060-ffva1156-2-i |
|                                   |            |                     |           | FIFO               |         |               |            |                      |
+-----------------------------------+------------+---------------------+-----------+--------------------+---------+---------------+------------+----------------------+
| xdma_pcie_ddr4_0_2                | Up-to-date | No changes required |  *(3)     | DDR4 SDRAM (MIG)   | 2.2     | 2.2 (Rev. 6)  | Included   | xcku060-ffva1156-2-i |
|                                   |            |                     |           |                    | (Rev.   |               |            |                      |
|                                   |            |                     |           |                    | 6)      |               |            |                      |
+-----------------------------------+------------+---------------------+-----------+--------------------+---------+---------------+------------+----------------------+
| xdma_pcie_ila_readback_0          | Up-to-date | No changes required |  *(4)     | ILA (Integrated    | 6.2     | 6.2 (Rev. 8)  | Included   | xcku060-ffva1156-2-i |
|                                   |            |                     |           | Logic Analyzer)    | (Rev.   |               |            |                      |
|                                   |            |                     |           |                    | 8)      |               |            |                      |
+-----------------------------------+------------+---------------------+-----------+--------------------+---------+---------------+------------+----------------------+
| xdma_pcie_one_0                   | Up-to-date | No changes required |  *(5)     | Constant           | 1.1     | 1.1 (Rev. 5)  | Included   | xcku060-ffva1156-2-i |
|                                   |            |                     |           |                    | (Rev.   |               |            |                      |
|                                   |            |                     |           |                    | 5)      |               |            |                      |
+-----------------------------------+------------+---------------------+-----------+--------------------+---------+---------------+------------+----------------------+
| xdma_pcie_perst_invert_0          | Up-to-date | No changes required |  *(6)     | Utility Vector     | 2.0     | 2.0 (Rev. 1)  | Included   | xcku060-ffva1156-2-i |
|                                   |            |                     |           | Logic              | (Rev.   |               |            |                      |
|                                   |            |                     |           |                    | 1)      |               |            |                      |
+-----------------------------------+------------+---------------------+-----------+--------------------+---------+---------------+------------+----------------------+
| xdma_pcie_rst_ddr_0               | Up-to-date | No changes required |  *(7)     | Processor System   | 5.0     | 5.0 (Rev. 13) | Included   | xcku060-ffva1156-2-i |
|                                   |            |                     |           | Reset              | (Rev.   |               |            |                      |
|                                   |            |                     |           |                    | 13)     |               |            |                      |
+-----------------------------------+------------+---------------------+-----------+--------------------+---------+---------------+------------+----------------------+
| xdma_pcie_util_ds_buf_0           | Up-to-date | No changes required |  *(8)     | Utility Buffer     | 2.1     | 2.1 (Rev. 12) | Included   | xcku060-ffva1156-2-i |
|                                   |            |                     |           |                    | (Rev.   |               |            |                      |
|                                   |            |                     |           |                    | 12)     |               |            |                      |
+-----------------------------------+------------+---------------------+-----------+--------------------+---------+---------------+------------+----------------------+
| xdma_pcie_vio_pcie_0              | Up-to-date | No changes required |  *(9)     | VIO (Virtual       | 3.0     | 3.0 (Rev. 19) | Included   | xcku060-ffva1156-2-i |
|                                   |            |                     |           | Input/Output)      | (Rev.   |               |            |                      |
|                                   |            |                     |           |                    | 19)     |               |            |                      |
+-----------------------------------+------------+---------------------+-----------+--------------------+---------+---------------+------------+----------------------+
| xdma_pcie_vio_readback_0          | Up-to-date | No changes required |  *(10)    | VIO (Virtual       | 3.0     | 3.0 (Rev. 19) | Included   | xcku060-ffva1156-2-i |
|                                   |            |                     |           | Input/Output)      | (Rev.   |               |            |                      |
|                                   |            |                     |           |                    | 19)     |               |            |                      |
+-----------------------------------+------------+---------------------+-----------+--------------------+---------+---------------+------------+----------------------+
| xdma_pcie_wr_addr_0_0             | Up-to-date | No changes required | Change    | wr_addr_v1_0       | 1.0     | 1.0 (Rev. 1)  | Included   | xcku060-ffva1156-2-i |
|                                   |            |                     | Log not   |                    | (Rev.   |               |            |                      |
|                                   |            |                     | available |                    | 1)      |               |            |                      |
+-----------------------------------+------------+---------------------+-----------+--------------------+---------+---------------+------------+----------------------+
| xdma_pcie_xdma_0_0                | Up-to-date | No changes required |  *(11)    | DMA/Bridge         | 4.1     | 4.1 (Rev. 2)  | Included   | xcku060-ffva1156-2-i |
|                                   |            |                     |           | Subsystem for PCI  | (Rev.   |               |            |                      |
|                                   |            |                     |           | Express (PCIe)     | 2)      |               |            |                      |
+-----------------------------------+------------+---------------------+-----------+--------------------+---------+---------------+------------+----------------------+
| xdma_pcie_xdma_reset_invert_0     | Up-to-date | No changes required |  *(12)    | Utility Vector     | 2.0     | 2.0 (Rev. 1)  | Included   | xcku060-ffva1156-2-i |
|                                   |            |                     |           | Logic              | (Rev.   |               |            |                      |
|                                   |            |                     |           |                    | 1)      |               |            |                      |
+-----------------------------------+------------+---------------------+-----------+--------------------+---------+---------------+------------+----------------------+
| xdma_pcie_zero_19_0               | Up-to-date | No changes required |  *(13)    | Constant           | 1.1     | 1.1 (Rev. 5)  | Included   | xcku060-ffva1156-2-i |
|                                   |            |                     |           |                    | (Rev.   |               |            |                      |
|                                   |            |                     |           |                    | 5)      |               |            |                      |
+-----------------------------------+------------+---------------------+-----------+--------------------+---------+---------------+------------+----------------------+
| xdma_pcie_zero_1_0                | Up-to-date | No changes required |  *(14)    | Constant           | 1.1     | 1.1 (Rev. 5)  | Included   | xcku060-ffva1156-2-i |
|                                   |            |                     |           |                    | (Rev.   |               |            |                      |
|                                   |            |                     |           |                    | 5)      |               |            |                      |
+-----------------------------------+------------+---------------------+-----------+--------------------+---------+---------------+------------+----------------------+
| xdma_pcie_zero_32_0               | Up-to-date | No changes required |  *(15)    | Constant           | 1.1     | 1.1 (Rev. 5)  | Included   | xcku060-ffva1156-2-i |
|                                   |            |                     |           |                    | (Rev.   |               |            |                      |
|                                   |            |                     |           |                    | 5)      |               |            |                      |
+-----------------------------------+------------+---------------------+-----------+--------------------+---------+---------------+------------+----------------------+
| xdma_pcie_zero_4_0                | Up-to-date | No changes required |  *(16)    | Constant           | 1.1     | 1.1 (Rev. 5)  | Included   | xcku060-ffva1156-2-i |
|                                   |            |                     |           |                    | (Rev.   |               |            |                      |
|                                   |            |                     |           |                    | 5)      |               |            |                      |
+-----------------------------------+------------+---------------------+-----------+--------------------+---------+---------------+------------+----------------------+
| xdma_pcie_ddr4_0_2_microblaze_mcs | Up-to-date | No changes required |  *(17)    | MicroBlaze MCS     | 3.0     | 3.0 (Rev. 10) | Included   | xcku060-ffva1156-2-i |
|                                   |            |                     |           |                    | (Rev.   |               |            |                      |
|                                   |            |                     |           |                    | 10)     |               |            |                      |
+-----------------------------------+------------+---------------------+-----------+--------------------+---------+---------------+------------+----------------------+
| xdma_pcie_ddr4_0_2_phy            | Up-to-date | No changes required | *(18)     | DDR4 SDRAM PHY IP  | 2.2     | 2.2           | Included   | xcku060-ffva1156-2-i |
+-----------------------------------+------------+---------------------+-----------+--------------------+---------+---------------+------------+----------------------+
| xdma_pcie_xdma_0_0_pcie3_ip       | Up-to-date | No changes required |  *(19)    | UltraScale FPGA    | 4.4     | 4.4 (Rev. 4)  | Included   | xcku060-ffva1156-2-i |
|                                   |            |                     |           | Gen3 Integrated    | (Rev.   |               |            |                      |
|                                   |            |                     |           | Block for PCI      | 4)      |               |            |                      |
|                                   |            |                     |           | Express            |         |               |            |                      |
+-----------------------------------+------------+---------------------+-----------+--------------------+---------+---------------+------------+----------------------+
| xdma_v4_1_2_blk_mem_64_noreg_be   | Up-to-date | No changes required |  *(20)    | Block Memory       | 8.4     | 8.4 (Rev. 2)  | Included   | xcku060-ffva1156-2-i |
|                                   |            |                     |           | Generator          | (Rev.   |               |            |                      |
|                                   |            |                     |           |                    | 2)      |               |            |                      |
+-----------------------------------+------------+---------------------+-----------+--------------------+---------+---------------+------------+----------------------+
| xdma_v4_1_2_blk_mem_64_reg_be     | Up-to-date | No changes required |  *(21)    | Block Memory       | 8.4     | 8.4 (Rev. 2)  | Included   | xcku060-ffva1156-2-i |
|                                   |            |                     |           | Generator          | (Rev.   |               |            |                      |
|                                   |            |                     |           |                    | 2)      |               |            |                      |
+-----------------------------------+------------+---------------------+-----------+--------------------+---------+---------------+------------+----------------------+
| bd_5f9e_arsw_0                    | Up-to-date | No changes required |  *(22)    | SmartConnect       | 1.0     | 1.0 (Rev. 6)  | Included   | xcku060-ffva1156-2-i |
|                                   |            |                     |           | Switchboard        | (Rev.   |               |            |                      |
|                                   |            |                     |           |                    | 6)      |               |            |                      |
+-----------------------------------+------------+---------------------+-----------+--------------------+---------+---------------+------------+----------------------+
| bd_5f9e_awsw_0                    | Up-to-date | No changes required |  *(23)    | SmartConnect       | 1.0     | 1.0 (Rev. 6)  | Included   | xcku060-ffva1156-2-i |
|                                   |            |                     |           | Switchboard        | (Rev.   |               |            |                      |
|                                   |            |                     |           |                    | 6)      |               |            |                      |
+-----------------------------------+------------+---------------------+-----------+--------------------+---------+---------------+------------+----------------------+
| bd_5f9e_bsw_0                     | Up-to-date | No changes required |  *(24)    | SmartConnect       | 1.0     | 1.0 (Rev. 6)  | Included   | xcku060-ffva1156-2-i |
|                                   |            |                     |           | Switchboard        | (Rev.   |               |            |                      |
|                                   |            |                     |           |                    | 6)      |               |            |                      |
+-----------------------------------+------------+---------------------+-----------+--------------------+---------+---------------+------------+----------------------+
| bd_5f9e_m00arn_0                  | Up-to-date | No changes required |  *(25)    | SmartConnect Node  | 1.0     | 1.0 (Rev. 10) | Included   | xcku060-ffva1156-2-i |
|                                   |            |                     |           |                    | (Rev.   |               |            |                      |
|                                   |            |                     |           |                    | 10)     |               |            |                      |
+-----------------------------------+------------+---------------------+-----------+--------------------+---------+---------------+------------+----------------------+
| bd_5f9e_m00awn_0                  | Up-to-date | No changes required |  *(26)    | SmartConnect Node  | 1.0     | 1.0 (Rev. 10) | Included   | xcku060-ffva1156-2-i |
|                                   |            |                     |           |                    | (Rev.   |               |            |                      |
|                                   |            |                     |           |                    | 10)     |               |            |                      |
+-----------------------------------+------------+---------------------+-----------+--------------------+---------+---------------+------------+----------------------+
| bd_5f9e_m00bn_0                   | Up-to-date | No changes required |  *(27)    | SmartConnect Node  | 1.0     | 1.0 (Rev. 10) | Included   | xcku060-ffva1156-2-i |
|                                   |            |                     |           |                    | (Rev.   |               |            |                      |
|                                   |            |                     |           |                    | 10)     |               |            |                      |
+-----------------------------------+------------+---------------------+-----------+--------------------+---------+---------------+------------+----------------------+
| bd_5f9e_m00e_0                    | Up-to-date | No changes required |  *(28)    | SC EXIT            | 1.0     | 1.0 (Rev. 8)  | Included   | xcku060-ffva1156-2-i |
|                                   |            |                     |           |                    | (Rev.   |               |            |                      |
|                                   |            |                     |           |                    | 8)      |               |            |                      |
+-----------------------------------+------------+---------------------+-----------+--------------------+---------+---------------+------------+----------------------+
| bd_5f9e_m00rn_0                   | Up-to-date | No changes required |  *(29)    | SmartConnect Node  | 1.0     | 1.0 (Rev. 10) | Included   | xcku060-ffva1156-2-i |
|                                   |            |                     |           |                    | (Rev.   |               |            |                      |
|                                   |            |                     |           |                    | 10)     |               |            |                      |
+-----------------------------------+------------+---------------------+-----------+--------------------+---------+---------------+------------+----------------------+
| bd_5f9e_m00s2a_0                  | Up-to-date | No changes required |  *(30)    | SmartConnect       | 1.0     | 1.0 (Rev. 7)  | Included   | xcku060-ffva1156-2-i |
|                                   |            |                     |           | SC2AXI Bridge      | (Rev.   |               |            |                      |
|                                   |            |                     |           |                    | 7)      |               |            |                      |
+-----------------------------------+------------+---------------------+-----------+--------------------+---------+---------------+------------+----------------------+
| bd_5f9e_m00wn_0                   | Up-to-date | No changes required |  *(31)    | SmartConnect Node  | 1.0     | 1.0 (Rev. 10) | Included   | xcku060-ffva1156-2-i |
|                                   |            |                     |           |                    | (Rev.   |               |            |                      |
|                                   |            |                     |           |                    | 10)     |               |            |                      |
+-----------------------------------+------------+---------------------+-----------+--------------------+---------+---------------+------------+----------------------+
| bd_5f9e_one_0                     | Up-to-date | No changes required |  *(32)    | Constant           | 1.1     | 1.1 (Rev. 5)  | Included   | xcku060-ffva1156-2-i |
|                                   |            |                     |           |                    | (Rev.   |               |            |                      |
|                                   |            |                     |           |                    | 5)      |               |            |                      |
+-----------------------------------+------------+---------------------+-----------+--------------------+---------+---------------+------------+----------------------+
| bd_5f9e_psr0_0                    | Up-to-date | No changes required |  *(33)    | Processor System   | 5.0     | 5.0 (Rev. 13) | Included   | xcku060-ffva1156-2-i |
|                                   |            |                     |           | Reset              | (Rev.   |               |            |                      |
|                                   |            |                     |           |                    | 13)     |               |            |                      |
+-----------------------------------+------------+---------------------+-----------+--------------------+---------+---------------+------------+----------------------+
| bd_5f9e_psr_aclk1_0               | Up-to-date | No changes required |  *(34)    | Processor System   | 5.0     | 5.0 (Rev. 13) | Included   | xcku060-ffva1156-2-i |
|                                   |            |                     |           | Reset              | (Rev.   |               |            |                      |
|                                   |            |                     |           |                    | 13)     |               |            |                      |
+-----------------------------------+------------+---------------------+-----------+--------------------+---------+---------------+------------+----------------------+
| bd_5f9e_psr_aclk_0                | Up-to-date | No changes required |  *(35)    | Processor System   | 5.0     | 5.0 (Rev. 13) | Included   | xcku060-ffva1156-2-i |
|                                   |            |                     |           | Reset              | (Rev.   |               |            |                      |
|                                   |            |                     |           |                    | 13)     |               |            |                      |
+-----------------------------------+------------+---------------------+-----------+--------------------+---------+---------------+------------+----------------------+
| bd_5f9e_rsw_0                     | Up-to-date | No changes required |  *(36)    | SmartConnect       | 1.0     | 1.0 (Rev. 6)  | Included   | xcku060-ffva1156-2-i |
|                                   |            |                     |           | Switchboard        | (Rev.   |               |            |                      |
|                                   |            |                     |           |                    | 6)      |               |            |                      |
+-----------------------------------+------------+---------------------+-----------+--------------------+---------+---------------+------------+----------------------+
| bd_5f9e_s00a2s_0                  | Up-to-date | No changes required |  *(37)    | SmartConnect       | 1.0     | 1.0 (Rev. 7)  | Included   | xcku060-ffva1156-2-i |
|                                   |            |                     |           | AXI2SC Bridge      | (Rev.   |               |            |                      |
|                                   |            |                     |           |                    | 7)      |               |            |                      |
+-----------------------------------+------------+---------------------+-----------+--------------------+---------+---------------+------------+----------------------+
| bd_5f9e_s00mmu_0                  | Up-to-date | No changes required |  *(38)    | SC MMU             | 1.0     | 1.0 (Rev. 7)  | Included   | xcku060-ffva1156-2-i |
|                                   |            |                     |           |                    | (Rev.   |               |            |                      |
|                                   |            |                     |           |                    | 7)      |               |            |                      |
+-----------------------------------+------------+---------------------+-----------+--------------------+---------+---------------+------------+----------------------+
| bd_5f9e_s00sic_0                  | Up-to-date | No changes required |  *(39)    | SC SI_CONVERTER    | 1.0     | 1.0 (Rev. 7)  | Included   | xcku060-ffva1156-2-i |
|                                   |            |                     |           |                    | (Rev.   |               |            |                      |
|                                   |            |                     |           |                    | 7)      |               |            |                      |
+-----------------------------------+------------+---------------------+-----------+--------------------+---------+---------------+------------+----------------------+
| bd_5f9e_s00tr_0                   | Up-to-date | No changes required |  *(40)    | SC                 | 1.0     | 1.0 (Rev. 8)  | Included   | xcku060-ffva1156-2-i |
|                                   |            |                     |           | TRANSACTION_REGULA | (Rev.   |               |            |                      |
|                                   |            |                     |           |                    | 8)      |               |            |                      |
+-----------------------------------+------------+---------------------+-----------+--------------------+---------+---------------+------------+----------------------+
| bd_5f9e_s01a2s_0                  | Up-to-date | No changes required |  *(41)    | SmartConnect       | 1.0     | 1.0 (Rev. 7)  | Included   | xcku060-ffva1156-2-i |
|                                   |            |                     |           | AXI2SC Bridge      | (Rev.   |               |            |                      |
|                                   |            |                     |           |                    | 7)      |               |            |                      |
+-----------------------------------+------------+---------------------+-----------+--------------------+---------+---------------+------------+----------------------+
| bd_5f9e_s01mmu_0                  | Up-to-date | No changes required |  *(42)    | SC MMU             | 1.0     | 1.0 (Rev. 7)  | Included   | xcku060-ffva1156-2-i |
|                                   |            |                     |           |                    | (Rev.   |               |            |                      |
|                                   |            |                     |           |                    | 7)      |               |            |                      |
+-----------------------------------+------------+---------------------+-----------+--------------------+---------+---------------+------------+----------------------+
| bd_5f9e_s01sic_0                  | Up-to-date | No changes required |  *(43)    | SC SI_CONVERTER    | 1.0     | 1.0 (Rev. 7)  | Included   | xcku060-ffva1156-2-i |
|                                   |            |                     |           |                    | (Rev.   |               |            |                      |
|                                   |            |                     |           |                    | 7)      |               |            |                      |
+-----------------------------------+------------+---------------------+-----------+--------------------+---------+---------------+------------+----------------------+
| bd_5f9e_s01tr_0                   | Up-to-date | No changes required |  *(44)    | SC                 | 1.0     | 1.0 (Rev. 8)  | Included   | xcku060-ffva1156-2-i |
|                                   |            |                     |           | TRANSACTION_REGULA | (Rev.   |               |            |                      |
|                                   |            |                     |           |                    | 8)      |               |            |                      |
+-----------------------------------+------------+---------------------+-----------+--------------------+---------+---------------+------------+----------------------+
| bd_5f9e_sarn_0                    | Up-to-date | No changes required |  *(45)    | SmartConnect Node  | 1.0     | 1.0 (Rev. 10) | Included   | xcku060-ffva1156-2-i |
|                                   |            |                     |           |                    | (Rev.   |               |            |                      |
|                                   |            |                     |           |                    | 10)     |               |            |                      |
+-----------------------------------+------------+---------------------+-----------+--------------------+---------+---------------+------------+----------------------+
| bd_5f9e_sarn_1                    | Up-to-date | No changes required |  *(46)    | SmartConnect Node  | 1.0     | 1.0 (Rev. 10) | Included   | xcku060-ffva1156-2-i |
|                                   |            |                     |           |                    | (Rev.   |               |            |                      |
|                                   |            |                     |           |                    | 10)     |               |            |                      |
+-----------------------------------+------------+---------------------+-----------+--------------------+---------+---------------+------------+----------------------+
| bd_5f9e_sawn_0                    | Up-to-date | No changes required |  *(47)    | SmartConnect Node  | 1.0     | 1.0 (Rev. 10) | Included   | xcku060-ffva1156-2-i |
|                                   |            |                     |           |                    | (Rev.   |               |            |                      |
|                                   |            |                     |           |                    | 10)     |               |            |                      |
+-----------------------------------+------------+---------------------+-----------+--------------------+---------+---------------+------------+----------------------+
| bd_5f9e_sawn_1                    | Up-to-date | No changes required |  *(48)    | SmartConnect Node  | 1.0     | 1.0 (Rev. 10) | Included   | xcku060-ffva1156-2-i |
|                                   |            |                     |           |                    | (Rev.   |               |            |                      |
|                                   |            |                     |           |                    | 10)     |               |            |                      |
+-----------------------------------+------------+---------------------+-----------+--------------------+---------+---------------+------------+----------------------+
| bd_5f9e_sbn_0                     | Up-to-date | No changes required |  *(49)    | SmartConnect Node  | 1.0     | 1.0 (Rev. 10) | Included   | xcku060-ffva1156-2-i |
|                                   |            |                     |           |                    | (Rev.   |               |            |                      |
|                                   |            |                     |           |                    | 10)     |               |            |                      |
+-----------------------------------+------------+---------------------+-----------+--------------------+---------+---------------+------------+----------------------+
| bd_5f9e_sbn_1                     | Up-to-date | No changes required |  *(50)    | SmartConnect Node  | 1.0     | 1.0 (Rev. 10) | Included   | xcku060-ffva1156-2-i |
|                                   |            |                     |           |                    | (Rev.   |               |            |                      |
|                                   |            |                     |           |                    | 10)     |               |            |                      |
+-----------------------------------+------------+---------------------+-----------+--------------------+---------+---------------+------------+----------------------+
| bd_5f9e_srn_0                     | Up-to-date | No changes required |  *(51)    | SmartConnect Node  | 1.0     | 1.0 (Rev. 10) | Included   | xcku060-ffva1156-2-i |
|                                   |            |                     |           |                    | (Rev.   |               |            |                      |
|                                   |            |                     |           |                    | 10)     |               |            |                      |
+-----------------------------------+------------+---------------------+-----------+--------------------+---------+---------------+------------+----------------------+
| bd_5f9e_srn_1                     | Up-to-date | No changes required |  *(52)    | SmartConnect Node  | 1.0     | 1.0 (Rev. 10) | Included   | xcku060-ffva1156-2-i |
|                                   |            |                     |           |                    | (Rev.   |               |            |                      |
|                                   |            |                     |           |                    | 10)     |               |            |                      |
+-----------------------------------+------------+---------------------+-----------+--------------------+---------+---------------+------------+----------------------+
| bd_5f9e_swn_0                     | Up-to-date | No changes required |  *(53)    | SmartConnect Node  | 1.0     | 1.0 (Rev. 10) | Included   | xcku060-ffva1156-2-i |
|                                   |            |                     |           |                    | (Rev.   |               |            |                      |
|                                   |            |                     |           |                    | 10)     |               |            |                      |
+-----------------------------------+------------+---------------------+-----------+--------------------+---------+---------------+------------+----------------------+
| bd_5f9e_swn_1                     | Up-to-date | No changes required |  *(54)    | SmartConnect Node  | 1.0     | 1.0 (Rev. 10) | Included   | xcku060-ffva1156-2-i |
|                                   |            |                     |           |                    | (Rev.   |               |            |                      |
|                                   |            |                     |           |                    | 10)     |               |            |                      |
+-----------------------------------+------------+---------------------+-----------+--------------------+---------+---------------+------------+----------------------+
| bd_5f9e_wsw_0                     | Up-to-date | No changes required |  *(55)    | SmartConnect       | 1.0     | 1.0 (Rev. 6)  | Included   | xcku060-ffva1156-2-i |
|                                   |            |                     |           | Switchboard        | (Rev.   |               |            |                      |
|                                   |            |                     |           |                    | 6)      |               |            |                      |
+-----------------------------------+------------+---------------------+-----------+--------------------+---------+---------------+------------+----------------------+
| xdma_pcie_xdma_0_0_pcie3_ip_gt    | Up-to-date | No changes required |  *(56)    | UltraScale FPGAs   | 1.7     | 1.7 (Rev. 5)  | Included   | xcku060-ffva1156-2-i |
|                                   |            |                     |           | Transceivers       | (Rev.   |               |            |                      |
|                                   |            |                     |           | Wizard             | 5)      |               |            |                      |
+-----------------------------------+------------+---------------------+-----------+--------------------+---------+---------------+------------+----------------------+
| bd_8c6a_dlmb_0                    | Up-to-date | No changes required |  *(57)    | Local Memory Bus   | 3.0     | 3.0 (Rev. 9)  | Included   | xcku060-ffva1156-2-i |
|                                   |            |                     |           | (LMB) 1.0          | (Rev.   |               |            |                      |
|                                   |            |                     |           |                    | 9)      |               |            |                      |
+-----------------------------------+------------+---------------------+-----------+--------------------+---------+---------------+------------+----------------------+
| bd_8c6a_dlmb_cntlr_0              | Up-to-date | No changes required |  *(58)    | LMB BRAM           | 4.0     | 4.0 (Rev. 15) | Included   | xcku060-ffva1156-2-i |
|                                   |            |                     |           | Controller         | (Rev.   |               |            |                      |
|                                   |            |                     |           |                    | 15)     |               |            |                      |
+-----------------------------------+------------+---------------------+-----------+--------------------+---------+---------------+------------+----------------------+
| bd_8c6a_ilmb_0                    | Up-to-date | No changes required |  *(59)    | Local Memory Bus   | 3.0     | 3.0 (Rev. 9)  | Included   | xcku060-ffva1156-2-i |
|                                   |            |                     |           | (LMB) 1.0          | (Rev.   |               |            |                      |
|                                   |            |                     |           |                    | 9)      |               |            |                      |
+-----------------------------------+------------+---------------------+-----------+--------------------+---------+---------------+------------+----------------------+
| bd_8c6a_ilmb_cntlr_0              | Up-to-date | No changes required |  *(60)    | LMB BRAM           | 4.0     | 4.0 (Rev. 15) | Included   | xcku060-ffva1156-2-i |
|                                   |            |                     |           | Controller         | (Rev.   |               |            |                      |
|                                   |            |                     |           |                    | 15)     |               |            |                      |
+-----------------------------------+------------+---------------------+-----------+--------------------+---------+---------------+------------+----------------------+
| bd_8c6a_iomodule_0_0              | Up-to-date | No changes required |  *(61)    | IOModule           | 3.1     | 3.1 (Rev. 4)  | Included   | xcku060-ffva1156-2-i |
|                                   |            |                     |           |                    | (Rev.   |               |            |                      |
|                                   |            |                     |           |                    | 4)      |               |            |                      |
+-----------------------------------+------------+---------------------+-----------+--------------------+---------+---------------+------------+----------------------+
| bd_8c6a_lmb_bram_I_0              | Up-to-date | No changes required |  *(62)    | Block Memory       | 8.4     | 8.4 (Rev. 2)  | Included   | xcku060-ffva1156-2-i |
|                                   |            |                     |           | Generator          | (Rev.   |               |            |                      |
|                                   |            |                     |           |                    | 2)      |               |            |                      |
+-----------------------------------+------------+---------------------+-----------+--------------------+---------+---------------+------------+----------------------+
| bd_8c6a_microblaze_I_0            | Up-to-date | No changes required | *(63)     | MicroBlaze         | 11.0    | 11.0          | Included   | xcku060-ffva1156-2-i |
+-----------------------------------+------------+---------------------+-----------+--------------------+---------+---------------+------------+----------------------+
| bd_8c6a_rst_0_0                   | Up-to-date | No changes required |  *(64)    | Processor System   | 5.0     | 5.0 (Rev. 13) | Included   | xcku060-ffva1156-2-i |
|                                   |            |                     |           | Reset              | (Rev.   |               |            |                      |
|                                   |            |                     |           |                    | 13)     |               |            |                      |
+-----------------------------------+------------+---------------------+-----------+--------------------+---------+---------------+------------+----------------------+
| bd_8c6a_second_dlmb_cntlr_0       | Up-to-date | No changes required |  *(65)    | LMB BRAM           | 4.0     | 4.0 (Rev. 15) | Included   | xcku060-ffva1156-2-i |
|                                   |            |                     |           | Controller         | (Rev.   |               |            |                      |
|                                   |            |                     |           |                    | 15)     |               |            |                      |
+-----------------------------------+------------+---------------------+-----------+--------------------+---------+---------------+------------+----------------------+
| bd_8c6a_second_ilmb_cntlr_0       | Up-to-date | No changes required |  *(66)    | LMB BRAM           | 4.0     | 4.0 (Rev. 15) | Included   | xcku060-ffva1156-2-i |
|                                   |            |                     |           | Controller         | (Rev.   |               |            |                      |
|                                   |            |                     |           |                    | 15)     |               |            |                      |
+-----------------------------------+------------+---------------------+-----------+--------------------+---------+---------------+------------+----------------------+
| bd_8c6a_second_lmb_bram_I_0       | Up-to-date | No changes required |  *(67)    | Block Memory       | 8.4     | 8.4 (Rev. 2)  | Included   | xcku060-ffva1156-2-i |
|                                   |            |                     |           | Generator          | (Rev.   |               |            |                      |
|                                   |            |                     |           |                    | 2)      |               |            |                      |
+-----------------------------------+------------+---------------------+-----------+--------------------+---------+---------------+------------+----------------------+
*(1) d:/Xilinxx/Vivado/2018.3/data/ip/xilinx/smartconnect_v1_0/doc/smartconnect_v1_0_changelog.txt
*(2) d:/Xilinxx/Vivado/2018.3/data/ip/xilinx/axis_data_fifo_v2_0/doc/axis_data_fifo_v2_0_changelog.txt
*(3) d:/Xilinxx/Vivado/2018.3/data/ip/xilinx/ddr4_v2_2/doc/ddr4_v2_2_changelog.txt
*(4) d:/Xilinxx/Vivado/2018.3/data/ip/xilinx/ila_v6_2/doc/ila_v6_2_changelog.txt
*(5) d:/Xilinxx/Vivado/2018.3/data/ip/xilinx/xlconstant_v1_1/doc/xlconstant_v1_1_changelog.txt
*(6) d:/Xilinxx/Vivado/2018.3/data/ip/xilinx/util_vector_logic_v2_0/doc/util_vector_logic_v2_0_changelog.txt
*(7) d:/Xilinxx/Vivado/2018.3/data/ip/xilinx/proc_sys_reset_v5_0/doc/proc_sys_reset_v5_0_changelog.txt
*(8) d:/Xilinxx/Vivado/2018.3/data/rsb/iprepos/util_ds_buf_v2_1/doc/util_ds_buf_v2_1_changelog.txt
*(9) d:/Xilinxx/Vivado/2018.3/data/ip/xilinx/vio_v3_0/doc/vio_v3_0_changelog.txt
*(10) d:/Xilinxx/Vivado/2018.3/data/ip/xilinx/vio_v3_0/doc/vio_v3_0_changelog.txt
*(11) d:/Xilinxx/Vivado/2018.3/data/ip/xilinx/xdma_v4_1/doc/xdma_v4_1_changelog.txt
*(12) d:/Xilinxx/Vivado/2018.3/data/ip/xilinx/util_vector_logic_v2_0/doc/util_vector_logic_v2_0_changelog.txt
*(13) d:/Xilinxx/Vivado/2018.3/data/ip/xilinx/xlconstant_v1_1/doc/xlconstant_v1_1_changelog.txt
*(14) d:/Xilinxx/Vivado/2018.3/data/ip/xilinx/xlconstant_v1_1/doc/xlconstant_v1_1_changelog.txt
*(15) d:/Xilinxx/Vivado/2018.3/data/ip/xilinx/xlconstant_v1_1/doc/xlconstant_v1_1_changelog.txt
*(16) d:/Xilinxx/Vivado/2018.3/data/ip/xilinx/xlconstant_v1_1/doc/xlconstant_v1_1_changelog.txt
*(17) d:/Xilinxx/Vivado/2018.3/data/ip/xilinx/microblaze_mcs_v3_0/doc/microblaze_mcs_v3_0_changelog.txt
*(18) d:/Xilinxx/Vivado/2018.3/data/ip/xilinx/ddr4_phy_v2_2/doc/phy_ip_v1_2_changelog.txt
*(19) d:/Xilinxx/Vivado/2018.3/data/ip/xilinx/pcie3_ultrascale_v4_4/doc/pcie3_ultrascale_v4_4_changelog.txt
*(20) d:/Xilinxx/Vivado/2018.3/data/ip/xilinx/blk_mem_gen_v8_4/doc/blk_mem_gen_v8_4_changelog.txt
*(21) d:/Xilinxx/Vivado/2018.3/data/ip/xilinx/blk_mem_gen_v8_4/doc/blk_mem_gen_v8_4_changelog.txt
*(22) d:/Xilinxx/Vivado/2018.3/data/ip/xilinx/sc_switchboard_v1_0/doc/sc_switchboard_v1_0_changelog.txt
*(23) d:/Xilinxx/Vivado/2018.3/data/ip/xilinx/sc_switchboard_v1_0/doc/sc_switchboard_v1_0_changelog.txt
*(24) d:/Xilinxx/Vivado/2018.3/data/ip/xilinx/sc_switchboard_v1_0/doc/sc_switchboard_v1_0_changelog.txt
*(25) d:/Xilinxx/Vivado/2018.3/data/ip/xilinx/sc_node_v1_0/doc/sc_node_v1_0_changelog.txt
*(26) d:/Xilinxx/Vivado/2018.3/data/ip/xilinx/sc_node_v1_0/doc/sc_node_v1_0_changelog.txt
*(27) d:/Xilinxx/Vivado/2018.3/data/ip/xilinx/sc_node_v1_0/doc/sc_node_v1_0_changelog.txt
*(28) d:/Xilinxx/Vivado/2018.3/data/ip/xilinx/sc_exit_v1_0/doc/sc_exit_v1_0_changelog.txt
*(29) d:/Xilinxx/Vivado/2018.3/data/ip/xilinx/sc_node_v1_0/doc/sc_node_v1_0_changelog.txt
*(30) d:/Xilinxx/Vivado/2018.3/data/ip/xilinx/sc_sc2axi_v1_0/doc/sc_sc2axi_v1_0_changelog.txt
*(31) d:/Xilinxx/Vivado/2018.3/data/ip/xilinx/sc_node_v1_0/doc/sc_node_v1_0_changelog.txt
*(32) d:/Xilinxx/Vivado/2018.3/data/ip/xilinx/xlconstant_v1_1/doc/xlconstant_v1_1_changelog.txt
*(33) d:/Xilinxx/Vivado/2018.3/data/ip/xilinx/proc_sys_reset_v5_0/doc/proc_sys_reset_v5_0_changelog.txt
*(34) d:/Xilinxx/Vivado/2018.3/data/ip/xilinx/proc_sys_reset_v5_0/doc/proc_sys_reset_v5_0_changelog.txt
*(35) d:/Xilinxx/Vivado/2018.3/data/ip/xilinx/proc_sys_reset_v5_0/doc/proc_sys_reset_v5_0_changelog.txt
*(36) d:/Xilinxx/Vivado/2018.3/data/ip/xilinx/sc_switchboard_v1_0/doc/sc_switchboard_v1_0_changelog.txt
*(37) d:/Xilinxx/Vivado/2018.3/data/ip/xilinx/sc_axi2sc_v1_0/doc/sc_axi2sc_v1_0_changelog.txt
*(38) d:/Xilinxx/Vivado/2018.3/data/ip/xilinx/sc_mmu_v1_0/doc/sc_mmu_v1_0_changelog.txt
*(39) d:/Xilinxx/Vivado/2018.3/data/ip/xilinx/sc_si_converter_v1_0/doc/sc_si_converter_v1_0_changelog.txt
*(40) d:/Xilinxx/Vivado/2018.3/data/ip/xilinx/sc_transaction_regulator_v1_0/doc/sc_transaction_regulator_v1_0_changelog.txt
*(41) d:/Xilinxx/Vivado/2018.3/data/ip/xilinx/sc_axi2sc_v1_0/doc/sc_axi2sc_v1_0_changelog.txt
*(42) d:/Xilinxx/Vivado/2018.3/data/ip/xilinx/sc_mmu_v1_0/doc/sc_mmu_v1_0_changelog.txt
*(43) d:/Xilinxx/Vivado/2018.3/data/ip/xilinx/sc_si_converter_v1_0/doc/sc_si_converter_v1_0_changelog.txt
*(44) d:/Xilinxx/Vivado/2018.3/data/ip/xilinx/sc_transaction_regulator_v1_0/doc/sc_transaction_regulator_v1_0_changelog.txt
*(45) d:/Xilinxx/Vivado/2018.3/data/ip/xilinx/sc_node_v1_0/doc/sc_node_v1_0_changelog.txt
*(46) d:/Xilinxx/Vivado/2018.3/data/ip/xilinx/sc_node_v1_0/doc/sc_node_v1_0_changelog.txt
*(47) d:/Xilinxx/Vivado/2018.3/data/ip/xilinx/sc_node_v1_0/doc/sc_node_v1_0_changelog.txt
*(48) d:/Xilinxx/Vivado/2018.3/data/ip/xilinx/sc_node_v1_0/doc/sc_node_v1_0_changelog.txt
*(49) d:/Xilinxx/Vivado/2018.3/data/ip/xilinx/sc_node_v1_0/doc/sc_node_v1_0_changelog.txt
*(50) d:/Xilinxx/Vivado/2018.3/data/ip/xilinx/sc_node_v1_0/doc/sc_node_v1_0_changelog.txt
*(51) d:/Xilinxx/Vivado/2018.3/data/ip/xilinx/sc_node_v1_0/doc/sc_node_v1_0_changelog.txt
*(52) d:/Xilinxx/Vivado/2018.3/data/ip/xilinx/sc_node_v1_0/doc/sc_node_v1_0_changelog.txt
*(53) d:/Xilinxx/Vivado/2018.3/data/ip/xilinx/sc_node_v1_0/doc/sc_node_v1_0_changelog.txt
*(54) d:/Xilinxx/Vivado/2018.3/data/ip/xilinx/sc_node_v1_0/doc/sc_node_v1_0_changelog.txt
*(55) d:/Xilinxx/Vivado/2018.3/data/ip/xilinx/sc_switchboard_v1_0/doc/sc_switchboard_v1_0_changelog.txt
*(56) d:/Xilinxx/Vivado/2018.3/data/ip/xilinx/gtwizard_ultrascale_v1_7/doc/gtwizard_ultrascale_v1_7_changelog.txt
*(57) d:/Xilinxx/Vivado/2018.3/data/ip/xilinx/lmb_v10_v3_0/doc/lmb_v10_v3_0_changelog.txt
*(58) d:/Xilinxx/Vivado/2018.3/data/ip/xilinx/lmb_bram_if_cntlr_v4_0/doc/lmb_bram_if_cntlr_v4_0_changelog.txt
*(59) d:/Xilinxx/Vivado/2018.3/data/ip/xilinx/lmb_v10_v3_0/doc/lmb_v10_v3_0_changelog.txt
*(60) d:/Xilinxx/Vivado/2018.3/data/ip/xilinx/lmb_bram_if_cntlr_v4_0/doc/lmb_bram_if_cntlr_v4_0_changelog.txt
*(61) d:/Xilinxx/Vivado/2018.3/data/ip/xilinx/iomodule_v3_1/doc/iomodule_v3_1_changelog.txt
*(62) d:/Xilinxx/Vivado/2018.3/data/ip/xilinx/blk_mem_gen_v8_4/doc/blk_mem_gen_v8_4_changelog.txt
*(63) d:/Xilinxx/Vivado/2018.3/data/ip/xilinx/microblaze_v11_0/doc/microblaze_v11_0_changelog.txt
*(64) d:/Xilinxx/Vivado/2018.3/data/ip/xilinx/proc_sys_reset_v5_0/doc/proc_sys_reset_v5_0_changelog.txt
*(65) d:/Xilinxx/Vivado/2018.3/data/ip/xilinx/lmb_bram_if_cntlr_v4_0/doc/lmb_bram_if_cntlr_v4_0_changelog.txt
*(66) d:/Xilinxx/Vivado/2018.3/data/ip/xilinx/lmb_bram_if_cntlr_v4_0/doc/lmb_bram_if_cntlr_v4_0_changelog.txt
*(67) d:/Xilinxx/Vivado/2018.3/data/ip/xilinx/blk_mem_gen_v8_4/doc/blk_mem_gen_v8_4_changelog.txt


